// Jest Snapshot v1, https://goo.gl/fbAQLP

exports[`Home page Component snapshot test 1`] = `
<section
  className="home"
>
  <div
    className="container"
  >
    <form
      action=""
    >
      <div
        className="SearchBar-container"
        onBlur={[Function]}
        onChange={[Function]}
      >
        <input
          placeholder="Search for a country"
          type="search"
        />
      </div>
      <div
        className="filter-container"
      >
        <select
          name="Regions"
          onChange={[Function]}
        >
          <option
            value="All"
          >
            Filter by Region
          </option>
          <option
            value="Africa"
          >
            Africa
          </option>
          <option
            value="Americas"
          >
            Americas
          </option>
          <option
            value="Asia"
          >
            Asia
          </option>
          <option
            value="Europe"
          >
            Europe
          </option>
          <option
            value="Oceania"
          >
            Oceania
          </option>
        </select>
      </div>
    </form>
    <button
      className="scroll-up scroll-up-white"
      onClick={[Function]}
      style={
        Object {
          "display": "none",
        }
      }
    >
      â†‘
    </button>
    <div
      className="cards-container"
    />
  </div>
</section>
`;
