// Jest Snapshot v1, https:
//goo.gl/fbaqlp
exports[`popup component snapshot test 1`] = `null`;JestSnapshotv1,https
